[2026-02-18T18:34:07.698-0300][0.009s] CardTable entry size: 512
[2026-02-18T18:34:07.698-0300][0.010s] Using G1
[2026-02-18T18:34:08.477-0300][0.789s] Version: 21.0.10+7-LTS (release)
[2026-02-18T18:34:08.478-0300][0.789s] CPUs: 11 total, 11 available
[2026-02-18T18:34:08.478-0300][0.789s] Memory: 18432M
[2026-02-18T18:34:08.478-0300][0.789s] Large Page Support: Disabled
[2026-02-18T18:34:08.478-0300][0.789s] NUMA Support: Disabled
[2026-02-18T18:34:08.478-0300][0.789s] Compressed Oops: Enabled (Zero based)
[2026-02-18T18:34:08.478-0300][0.789s] Heap Region Size: 16M
[2026-02-18T18:34:08.478-0300][0.789s] Heap Min Capacity: 6G
[2026-02-18T18:34:08.478-0300][0.789s] Heap Initial Capacity: 6G
[2026-02-18T18:34:08.478-0300][0.789s] Heap Max Capacity: 10G
[2026-02-18T18:34:08.478-0300][0.789s] Pre-touch: Enabled
[2026-02-18T18:34:08.478-0300][0.789s] Parallel Workers: 9
[2026-02-18T18:34:08.478-0300][0.789s] Concurrent Workers: 2
[2026-02-18T18:34:08.478-0300][0.789s] Concurrent Refinement Workers: 9
[2026-02-18T18:34:08.478-0300][0.789s] Periodic GC: Disabled
[2026-02-18T18:34:08.504-0300][0.815s] CDS archive(s) mapped at: [0x000000a000000000-0x000000a000cfc000-0x000000a000cfc000), size 13615104, SharedBaseAddress: 0x000000a000000000, ArchiveRelocationMode: 1.
[2026-02-18T18:34:08.504-0300][0.815s] Compressed class space mapped at: 0x000000a001000000-0x000000a041000000, reserved size: 1073741824
[2026-02-18T18:34:08.504-0300][0.815s] Narrow klass base: 0x000000a000000000, Narrow klass shift: 0, Narrow klass range: 0x100000000
[2026-02-18T18:34:10.896-0300][3.207s] GC(0) Pause Young (Concurrent Start) (Metadata GC Threshold)
[2026-02-18T18:34:10.896-0300][3.207s] GC(0) Using 9 workers of 9 for evacuation
[2026-02-18T18:34:10.899-0300][3.210s] GC(0)   Pre Evacuate Collection Set: 0.15ms
[2026-02-18T18:34:10.899-0300][3.210s] GC(0)   Merge Heap Roots: 0.04ms
[2026-02-18T18:34:10.899-0300][3.210s] GC(0)   Evacuate Collection Set: 2.55ms
[2026-02-18T18:34:10.899-0300][3.210s] GC(0)   Post Evacuate Collection Set: 0.34ms
[2026-02-18T18:34:10.899-0300][3.210s] GC(0)   Other: 0.10ms
[2026-02-18T18:34:10.899-0300][3.210s] GC(0) Eden regions: 27->0(113)
[2026-02-18T18:34:10.899-0300][3.210s] GC(0) Survivor regions: 0->2(4)
[2026-02-18T18:34:10.899-0300][3.210s] GC(0) Old regions: 1->1
[2026-02-18T18:34:10.899-0300][3.210s] GC(0) Humongous regions: 0->0
[2026-02-18T18:34:10.899-0300][3.210s] GC(0) Metaspace: 21131K(21504K)->21131K(21504K) NonClass: 18723K(18880K)->18723K(18880K) Class: 2407K(2624K)->2407K(2624K)
[2026-02-18T18:34:10.899-0300][3.210s] GC(0) Pause Young (Concurrent Start) (Metadata GC Threshold) 433M->31M(6160M) 3.691ms
[2026-02-18T18:34:10.899-0300][3.210s] GC(1) Concurrent Mark Cycle
[2026-02-18T18:34:10.899-0300][3.210s] GC(0) User=0.03s Sys=0.01s Real=0.00s
[2026-02-18T18:34:10.899-0300][3.211s] GC(1) Concurrent Scan Root Regions
[2026-02-18T18:34:10.901-0300][3.213s] GC(1) Concurrent Scan Root Regions 2.013ms
[2026-02-18T18:34:10.901-0300][3.213s] GC(1) Concurrent Mark
[2026-02-18T18:34:10.901-0300][3.213s] GC(1) Concurrent Mark From Roots
[2026-02-18T18:34:10.901-0300][3.213s] GC(1) Using 2 workers of 2 for marking
[2026-02-18T18:34:10.902-0300][3.213s] GC(1) Concurrent Mark From Roots 0.771ms
[2026-02-18T18:34:10.902-0300][3.213s] GC(1) Concurrent Preclean
[2026-02-18T18:34:10.902-0300][3.213s] GC(1) Concurrent Preclean 0.007ms
[2026-02-18T18:34:10.902-0300][3.213s] GC(1) Pause Remark
[2026-02-18T18:34:10.903-0300][3.214s] GC(1) Pause Remark 47M->47M(6144M) 1.015ms
[2026-02-18T18:34:10.903-0300][3.214s] GC(1) User=0.01s Sys=0.00s Real=0.00s
[2026-02-18T18:34:10.903-0300][3.214s] GC(1) Concurrent Mark 1.890ms
[2026-02-18T18:34:10.903-0300][3.214s] GC(1) Concurrent Rebuild Remembered Sets and Scrub Regions
[2026-02-18T18:34:10.904-0300][3.215s] GC(1) Concurrent Rebuild Remembered Sets and Scrub Regions 0.355ms
[2026-02-18T18:34:10.904-0300][3.215s] GC(1) Pause Cleanup
[2026-02-18T18:34:10.904-0300][3.215s] GC(1) Pause Cleanup 47M->47M(6144M) 0.046ms
[2026-02-18T18:34:10.904-0300][3.215s] GC(1) User=0.00s Sys=0.00s Real=0.00s
[2026-02-18T18:34:10.904-0300][3.215s] GC(1) Concurrent Clear Claimed Marks
[2026-02-18T18:34:10.904-0300][3.215s] GC(1) Concurrent Clear Claimed Marks 0.008ms
[2026-02-18T18:34:10.904-0300][3.215s] GC(1) Concurrent Cleanup for Next Mark
[2026-02-18T18:34:10.908-0300][3.219s] GC(1) Concurrent Cleanup for Next Mark 4.554ms
[2026-02-18T18:34:10.908-0300][3.219s] GC(1) Concurrent Mark Cycle 9.010ms
[2026-02-18T18:34:12.944-0300][5.255s] GC(2) Pause Young (Prepare Mixed) (Metadata GC Threshold)
[2026-02-18T18:34:12.944-0300][5.255s] GC(2) Using 9 workers of 9 for evacuation
[2026-02-18T18:34:12.965-0300][5.276s] GC(2)   Pre Evacuate Collection Set: 0.12ms
[2026-02-18T18:34:12.965-0300][5.276s] GC(2)   Merge Heap Roots: 0.05ms
[2026-02-18T18:34:12.965-0300][5.276s] GC(2)   Evacuate Collection Set: 18.77ms
[2026-02-18T18:34:12.965-0300][5.276s] GC(2)   Post Evacuate Collection Set: 1.69ms
[2026-02-18T18:34:12.965-0300][5.276s] GC(2)   Other: 0.03ms
[2026-02-18T18:34:12.965-0300][5.276s] GC(2) Eden regions: 70->0(111)
[2026-02-18T18:34:12.965-0300][5.276s] GC(2) Survivor regions: 2->4(4)
[2026-02-18T18:34:12.965-0300][5.276s] GC(2) Old regions: 1->6
[2026-02-18T18:34:12.965-0300][5.276s] GC(2) Humongous regions: 2->0
[2026-02-18T18:34:12.965-0300][5.276s] GC(2) Metaspace: 35516K(36096K)->35516K(36096K) NonClass: 31123K(31424K)->31123K(31424K) Class: 4392K(4672K)->4392K(4672K)
[2026-02-18T18:34:12.965-0300][5.276s] GC(2) Pause Young (Prepare Mixed) (Metadata GC Threshold) 1175M->129M(6144M) 20.792ms
[2026-02-18T18:34:12.965-0300][5.276s] GC(2) User=0.10s Sys=0.05s Real=0.02s
[2026-02-18T18:34:12.991-0300][5.302s] GC(3) Pause Young (Mixed) (Metadata GC Threshold)
[2026-02-18T18:34:12.991-0300][5.302s] GC(3) Using 9 workers of 9 for evacuation
[2026-02-18T18:34:13.009-0300][5.320s] GC(3)   Pre Evacuate Collection Set: 0.11ms
[2026-02-18T18:34:13.009-0300][5.320s] GC(3)   Merge Heap Roots: 0.06ms
[2026-02-18T18:34:13.009-0300][5.320s] GC(3)   Evacuate Collection Set: 16.06ms
[2026-02-18T18:34:13.009-0300][5.320s] GC(3)   Post Evacuate Collection Set: 1.22ms
[2026-02-18T18:34:13.009-0300][5.320s] GC(3)   Other: 0.03ms
[2026-02-18T18:34:13.009-0300][5.320s] GC(3) Eden regions: 3->0(114)
[2026-02-18T18:34:13.009-0300][5.320s] GC(3) Survivor regions: 4->1(4)
[2026-02-18T18:34:13.009-0300][5.320s] GC(3) Old regions: 6->9
[2026-02-18T18:34:13.009-0300][5.320s] GC(3) Humongous regions: 0->0
[2026-02-18T18:34:13.009-0300][5.320s] GC(3) Metaspace: 35863K(36416K)->35863K(36416K) NonClass: 31418K(31680K)->31418K(31680K) Class: 4444K(4736K)->4444K(4736K)
[2026-02-18T18:34:13.009-0300][5.320s] GC(3) Pause Young (Mixed) (Metadata GC Threshold) 169M->144M(6144M) 17.606ms
[2026-02-18T18:34:13.009-0300][5.320s] GC(3) User=0.06s Sys=0.03s Real=0.01s
[2026-02-18T18:34:13.037-0300][5.349s] GC(4) Pause Young (Concurrent Start) (Metadata GC Threshold)
[2026-02-18T18:34:13.037-0300][5.349s] GC(4) Using 9 workers of 9 for evacuation
[2026-02-18T18:34:13.039-0300][5.350s] GC(4)   Pre Evacuate Collection Set: 0.08ms
[2026-02-18T18:34:13.039-0300][5.350s] GC(4)   Merge Heap Roots: 0.07ms
[2026-02-18T18:34:13.039-0300][5.350s] GC(4)   Evacuate Collection Set: 0.86ms
[2026-02-18T18:34:13.039-0300][5.350s] GC(4)   Post Evacuate Collection Set: 0.32ms
[2026-02-18T18:34:13.039-0300][5.350s] GC(4)   Other: 0.03ms
[2026-02-18T18:34:13.039-0300][5.350s] GC(4) Eden regions: 3->0(114)
[2026-02-18T18:34:13.039-0300][5.350s] GC(4) Survivor regions: 1->1(4)
[2026-02-18T18:34:13.039-0300][5.350s] GC(4) Old regions: 9->10
[2026-02-18T18:34:13.039-0300][5.350s] GC(4) Humongous regions: 0->0
[2026-02-18T18:34:13.039-0300][5.350s] GC(4) Metaspace: 36177K(36736K)->36177K(36736K) NonClass: 31655K(31936K)->31655K(31936K) Class: 4521K(4800K)->4521K(4800K)
[2026-02-18T18:34:13.039-0300][5.350s] GC(4) Pause Young (Concurrent Start) (Metadata GC Threshold) 184M->147M(6144M) 1.447ms
[2026-02-18T18:34:13.039-0300][5.350s] GC(4) User=0.01s Sys=0.01s Real=0.00s
[2026-02-18T18:34:13.039-0300][5.350s] GC(5) Concurrent Mark Cycle
[2026-02-18T18:34:13.039-0300][5.350s] GC(5) Concurrent Scan Root Regions
[2026-02-18T18:34:13.039-0300][5.350s] GC(5) Concurrent Scan Root Regions 0.257ms
[2026-02-18T18:34:13.039-0300][5.350s] GC(5) Concurrent Mark
[2026-02-18T18:34:13.039-0300][5.350s] GC(5) Concurrent Mark From Roots
[2026-02-18T18:34:13.039-0300][5.350s] GC(5) Using 2 workers of 2 for marking
[2026-02-18T18:34:13.059-0300][5.370s] GC(5) Concurrent Mark From Roots 19.374ms
[2026-02-18T18:34:13.059-0300][5.370s] GC(5) Concurrent Preclean
[2026-02-18T18:34:13.059-0300][5.370s] GC(5) Concurrent Preclean 0.064ms
[2026-02-18T18:34:13.059-0300][5.370s] GC(5) Pause Remark
[2026-02-18T18:34:13.061-0300][5.372s] GC(5) Pause Remark 179M->179M(6144M) 2.295ms
[2026-02-18T18:34:13.061-0300][5.372s] GC(5) User=0.01s Sys=0.00s Real=0.01s
[2026-02-18T18:34:13.061-0300][5.372s] GC(5) Concurrent Mark 21.859ms
[2026-02-18T18:34:13.061-0300][5.372s] GC(5) Concurrent Rebuild Remembered Sets and Scrub Regions
[2026-02-18T18:34:13.073-0300][5.384s] GC(5) Concurrent Rebuild Remembered Sets and Scrub Regions 11.547ms
[2026-02-18T18:34:13.073-0300][5.384s] GC(5) Pause Cleanup
[2026-02-18T18:34:13.073-0300][5.384s] GC(5) Pause Cleanup 195M->195M(6144M) 0.074ms
[2026-02-18T18:34:13.073-0300][5.384s] GC(5) User=0.00s Sys=0.00s Real=0.00s
[2026-02-18T18:34:13.073-0300][5.384s] GC(5) Concurrent Clear Claimed Marks
[2026-02-18T18:34:13.073-0300][5.384s] GC(5) Concurrent Clear Claimed Marks 0.047ms
[2026-02-18T18:34:13.073-0300][5.384s] GC(5) Concurrent Cleanup for Next Mark
[2026-02-18T18:34:13.075-0300][5.386s] GC(5) Concurrent Cleanup for Next Mark 2.365ms
[2026-02-18T18:34:13.075-0300][5.386s] GC(5) Concurrent Mark Cycle 36.304ms
[2026-02-18T18:34:14.928-0300][7.239s] GC(6) Pause Young (Prepare Mixed) (G1 Evacuation Pause)
[2026-02-18T18:34:14.928-0300][7.239s] GC(6) Using 9 workers of 9 for evacuation
[2026-02-18T18:34:15.017-0300][7.328s] GC(6)   Pre Evacuate Collection Set: 0.10ms
[2026-02-18T18:34:15.017-0300][7.328s] GC(6)   Merge Heap Roots: 0.14ms
[2026-02-18T18:34:15.017-0300][7.328s] GC(6)   Evacuate Collection Set: 84.34ms
[2026-02-18T18:34:15.017-0300][7.328s] GC(6)   Post Evacuate Collection Set: 4.48ms
[2026-02-18T18:34:15.017-0300][7.328s] GC(6)   Other: 0.04ms
[2026-02-18T18:34:15.017-0300][7.328s] GC(6) Eden regions: 114->0(111)
[2026-02-18T18:34:15.017-0300][7.328s] GC(6) Survivor regions: 1->4(4)
[2026-02-18T18:34:15.017-0300][7.328s] GC(6) Old regions: 10->22
[2026-02-18T18:34:15.017-0300][7.328s] GC(6) Humongous regions: 0->0
[2026-02-18T18:34:15.017-0300][7.328s] GC(6) Metaspace: 44548K(45248K)->44548K(45248K) NonClass: 38749K(39104K)->38749K(39104K) Class: 5798K(6144K)->5798K(6144K)
[2026-02-18T18:34:15.017-0300][7.328s] GC(6) Pause Young (Prepare Mixed) (G1 Evacuation Pause) 1971M->408M(6144M) 89.207ms
[2026-02-18T18:34:15.017-0300][7.328s] GC(6) User=0.30s Sys=0.17s Real=0.09s
[2026-02-18T18:34:16.600-0300][8.911s] GC(7) Pause Young (Mixed) (Metadata GC Threshold)
[2026-02-18T18:34:16.600-0300][8.911s] GC(7) Using 9 workers of 9 for evacuation
[2026-02-18T18:34:16.636-0300][8.947s] GC(7)   Pre Evacuate Collection Set: 0.10ms
[2026-02-18T18:34:16.636-0300][8.947s] GC(7)   Merge Heap Roots: 0.62ms
[2026-02-18T18:34:16.636-0300][8.947s] GC(7)   Evacuate Collection Set: 33.47ms
[2026-02-18T18:34:16.636-0300][8.947s] GC(7)   Post Evacuate Collection Set: 1.88ms
[2026-02-18T18:34:16.636-0300][8.947s] GC(7)   Other: 0.03ms
[2026-02-18T18:34:16.636-0300][8.947s] GC(7) Eden regions: 100->0(111)
[2026-02-18T18:34:16.636-0300][8.947s] GC(7) Survivor regions: 4->4(4)
[2026-02-18T18:34:16.636-0300][8.947s] GC(7) Old regions: 22->27
[2026-02-18T18:34:16.636-0300][8.947s] GC(7) Humongous regions: 0->0
[2026-02-18T18:34:16.636-0300][8.947s] GC(7) Metaspace: 60868K(61568K)->60868K(61568K) NonClass: 52841K(53184K)->52841K(53184K) Class: 8026K(8384K)->8026K(8384K)
[2026-02-18T18:34:16.636-0300][8.947s] GC(7) Pause Young (Mixed) (Metadata GC Threshold) 2008M->486M(6144M) 36.229ms
[2026-02-18T18:34:16.636-0300][8.947s] GC(7) User=0.21s Sys=0.05s Real=0.03s
[2026-02-18T18:34:16.667-0300][8.978s] GC(8) Pause Young (Concurrent Start) (Metadata GC Threshold)
[2026-02-18T18:34:16.667-0300][8.978s] GC(8) Using 9 workers of 9 for evacuation
[2026-02-18T18:34:16.686-0300][8.997s] GC(8)   Pre Evacuate Collection Set: 0.10ms
[2026-02-18T18:34:16.686-0300][8.997s] GC(8)   Merge Heap Roots: 0.10ms
[2026-02-18T18:34:16.686-0300][8.997s] GC(8)   Evacuate Collection Set: 17.53ms
[2026-02-18T18:34:16.686-0300][8.997s] GC(8)   Post Evacuate Collection Set: 1.35ms
[2026-02-18T18:34:16.686-0300][8.997s] GC(8)   Other: 0.04ms
[2026-02-18T18:34:16.686-0300][8.997s] GC(8) Eden regions: 2->0(114)
[2026-02-18T18:34:16.686-0300][8.997s] GC(8) Survivor regions: 4->1(4)
[2026-02-18T18:34:16.686-0300][8.997s] GC(8) Old regions: 27->32
[2026-02-18T18:34:16.686-0300][8.997s] GC(8) Humongous regions: 0->0
[2026-02-18T18:34:16.686-0300][8.997s] GC(8) Metaspace: 61228K(61888K)->61228K(61888K) NonClass: 53156K(53504K)->53156K(53504K) Class: 8072K(8384K)->8072K(8384K)
[2026-02-18T18:34:16.686-0300][8.998s] GC(8) Pause Young (Concurrent Start) (Metadata GC Threshold) 512M->509M(6144M) 19.231ms
[2026-02-18T18:34:16.686-0300][8.998s] GC(8) User=0.07s Sys=0.04s Real=0.02s
[2026-02-18T18:34:16.686-0300][8.998s] GC(9) Concurrent Mark Cycle
[2026-02-18T18:34:16.686-0300][8.998s] GC(9) Concurrent Scan Root Regions
[2026-02-18T18:34:16.696-0300][9.007s] GC(9) Concurrent Scan Root Regions 9.226ms
[2026-02-18T18:34:16.696-0300][9.007s] GC(9) Concurrent Mark
[2026-02-18T18:34:16.696-0300][9.007s] GC(9) Concurrent Mark From Roots
[2026-02-18T18:34:16.696-0300][9.007s] GC(9) Using 2 workers of 2 for marking
[2026-02-18T18:34:16.780-0300][9.092s] GC(9) Concurrent Mark From Roots 84.803ms
[2026-02-18T18:34:16.780-0300][9.092s] GC(9) Concurrent Preclean
[2026-02-18T18:34:16.780-0300][9.092s] GC(9) Concurrent Preclean 0.081ms
[2026-02-18T18:34:16.781-0300][9.092s] GC(9) Pause Remark
[2026-02-18T18:34:16.784-0300][9.096s] GC(9) Pause Remark 597M->597M(6144M) 3.721ms
[2026-02-18T18:34:16.784-0300][9.096s] GC(9) User=0.02s Sys=0.00s Real=0.00s
[2026-02-18T18:34:16.784-0300][9.096s] GC(9) Concurrent Mark 88.750ms
[2026-02-18T18:34:16.784-0300][9.096s] GC(9) Concurrent Rebuild Remembered Sets and Scrub Regions
[2026-02-18T18:34:16.872-0300][9.183s] GC(9) Concurrent Rebuild Remembered Sets and Scrub Regions 87.263ms
[2026-02-18T18:34:16.872-0300][9.183s] GC(9) Pause Cleanup
[2026-02-18T18:34:16.872-0300][9.183s] GC(9) Pause Cleanup 733M->733M(6144M) 0.104ms
[2026-02-18T18:34:16.872-0300][9.183s] GC(9) User=0.00s Sys=0.00s Real=0.00s
[2026-02-18T18:34:16.872-0300][9.183s] GC(9) Concurrent Clear Claimed Marks
[2026-02-18T18:34:16.872-0300][9.183s] GC(9) Concurrent Clear Claimed Marks 0.056ms
[2026-02-18T18:34:16.872-0300][9.183s] GC(9) Concurrent Cleanup for Next Mark
[2026-02-18T18:34:16.874-0300][9.185s] GC(9) Concurrent Cleanup for Next Mark 1.957ms
[2026-02-18T18:34:16.874-0300][9.185s] GC(9) Concurrent Mark Cycle 187.575ms
[2026-02-18T18:34:18.401-0300][10.712s] GC(10) Pause Young (Prepare Mixed) (G1 Evacuation Pause)
[2026-02-18T18:34:18.401-0300][10.712s] GC(10) Using 9 workers of 9 for evacuation
[2026-02-18T18:34:18.408-0300][10.720s] GC(10)   Pre Evacuate Collection Set: 0.10ms
[2026-02-18T18:34:18.408-0300][10.720s] GC(10)   Merge Heap Roots: 0.28ms
[2026-02-18T18:34:18.408-0300][10.720s] GC(10)   Evacuate Collection Set: 6.64ms
[2026-02-18T18:34:18.408-0300][10.720s] GC(10)   Post Evacuate Collection Set: 0.65ms
[2026-02-18T18:34:18.408-0300][10.720s] GC(10)   Other: 0.03ms
[2026-02-18T18:34:18.408-0300][10.720s] GC(10) Eden regions: 114->0(112)
[2026-02-18T18:34:18.408-0300][10.720s] GC(10) Survivor regions: 1->3(4)
[2026-02-18T18:34:18.408-0300][10.720s] GC(10) Old regions: 32->32
[2026-02-18T18:34:18.408-0300][10.720s] GC(10) Humongous regions: 0->0
[2026-02-18T18:34:18.408-0300][10.720s] GC(10) Metaspace: 82208K(82944K)->82208K(82944K) NonClass: 70667K(71040K)->70667K(71040K) Class: 11541K(11904K)->11541K(11904K)
[2026-02-18T18:34:18.408-0300][10.720s] GC(10) Pause Young (Prepare Mixed) (G1 Evacuation Pause) 2333M->552M(6144M) 7.827ms
[2026-02-18T18:34:18.408-0300][10.720s] GC(10) User=0.07s Sys=0.00s Real=0.00s
[2026-02-18T18:34:19.703-0300][12.014s] GC(11) Pause Young (Mixed) (Metadata GC Threshold)
[2026-02-18T18:34:19.703-0300][12.014s] GC(11) Using 9 workers of 9 for evacuation
[2026-02-18T18:34:19.714-0300][12.025s] GC(11)   Pre Evacuate Collection Set: 0.10ms
[2026-02-18T18:34:19.714-0300][12.025s] GC(11)   Merge Heap Roots: 0.10ms
[2026-02-18T18:34:19.714-0300][12.025s] GC(11)   Evacuate Collection Set: 9.40ms
[2026-02-18T18:34:19.714-0300][12.025s] GC(11)   Post Evacuate Collection Set: 1.06ms
[2026-02-18T18:34:19.714-0300][12.025s] GC(11)   Other: 0.03ms
[2026-02-18T18:34:19.714-0300][12.025s] GC(11) Eden regions: 90->0(151)
[2026-02-18T18:34:19.714-0300][12.025s] GC(11) Survivor regions: 3->2(4)
[2026-02-18T18:34:19.714-0300][12.025s] GC(11) Old regions: 32->33
[2026-02-18T18:34:19.714-0300][12.025s] GC(11) Humongous regions: 0->0
[2026-02-18T18:34:19.714-0300][12.025s] GC(11) Metaspace: 104507K(105216K)->104507K(105216K) NonClass: 89074K(89408K)->89074K(89408K) Class: 15432K(15808K)->15432K(15808K)
[2026-02-18T18:34:19.714-0300][12.025s] GC(11) Pause Young (Mixed) (Metadata GC Threshold) 1992M->558M(6144M) 10.833ms
[2026-02-18T18:34:19.714-0300][12.025s] GC(11) User=0.09s Sys=0.01s Real=0.01s
[2026-02-18T18:34:19.738-0300][12.049s] GC(12) Pause Young (Mixed) (Metadata GC Threshold)
[2026-02-18T18:34:19.738-0300][12.049s] GC(12) Using 9 workers of 9 for evacuation
[2026-02-18T18:34:19.748-0300][12.059s] GC(12)   Pre Evacuate Collection Set: 0.09ms
[2026-02-18T18:34:19.748-0300][12.059s] GC(12)   Merge Heap Roots: 0.17ms
[2026-02-18T18:34:19.748-0300][12.059s] GC(12)   Evacuate Collection Set: 9.15ms
[2026-02-18T18:34:19.748-0300][12.059s] GC(12)   Post Evacuate Collection Set: 0.83ms
[2026-02-18T18:34:19.748-0300][12.059s] GC(12)   Other: 0.03ms
[2026-02-18T18:34:19.748-0300][12.059s] GC(12) Eden regions: 2->0(114)
[2026-02-18T18:34:19.748-0300][12.059s] GC(12) Survivor regions: 2->1(5)
[2026-02-18T18:34:19.748-0300][12.059s] GC(12) Old regions: 33->34
[2026-02-18T18:34:19.748-0300][12.059s] GC(12) Humongous regions: 0->0
[2026-02-18T18:34:19.748-0300][12.059s] GC(12) Metaspace: 104855K(105536K)->104855K(105536K) NonClass: 89328K(89664K)->89328K(89664K) Class: 15527K(15872K)->15527K(15872K)
[2026-02-18T18:34:19.748-0300][12.059s] GC(12) Pause Young (Mixed) (Metadata GC Threshold) 582M->537M(6144M) 10.408ms
[2026-02-18T18:34:19.748-0300][12.059s] GC(12) User=0.07s Sys=0.01s Real=0.01s
[2026-02-18T18:34:19.761-0300][12.072s] GC(13) Pause Young (Concurrent Start) (Metadata GC Threshold)
[2026-02-18T18:34:19.761-0300][12.072s] GC(13) Using 9 workers of 9 for evacuation
[2026-02-18T18:34:19.762-0300][12.073s] GC(13)   Pre Evacuate Collection Set: 0.09ms
[2026-02-18T18:34:19.762-0300][12.073s] GC(13)   Merge Heap Roots: 0.02ms
[2026-02-18T18:34:19.762-0300][12.073s] GC(13)   Evacuate Collection Set: 0.48ms
[2026-02-18T18:34:19.762-0300][12.073s] GC(13)   Post Evacuate Collection Set: 0.48ms
[2026-02-18T18:34:19.762-0300][12.073s] GC(13)   Other: 0.03ms
[2026-02-18T18:34:19.762-0300][12.073s] GC(13) Eden regions: 1->0(114)
[2026-02-18T18:34:19.762-0300][12.073s] GC(13) Survivor regions: 1->1(4)
[2026-02-18T18:34:19.762-0300][12.073s] GC(13) Old regions: 34->34
[2026-02-18T18:34:19.762-0300][12.073s] GC(13) Humongous regions: 0->0
[2026-02-18T18:34:19.762-0300][12.073s] GC(13) Metaspace: 105121K(105856K)->105121K(105856K) NonClass: 89520K(89856K)->89520K(89856K) Class: 15600K(16000K)->15600K(16000K)
[2026-02-18T18:34:19.762-0300][12.073s] GC(13) Pause Young (Concurrent Start) (Metadata GC Threshold) 553M->544M(6144M) 1.198ms
[2026-02-18T18:34:19.762-0300][12.073s] GC(14) Concurrent Mark Cycle
[2026-02-18T18:34:19.762-0300][12.073s] GC(13) User=0.01s Sys=0.00s Real=0.00s
[2026-02-18T18:34:19.762-0300][12.073s] GC(14) Concurrent Scan Root Regions
[2026-02-18T18:34:19.762-0300][12.074s] GC(14) Concurrent Scan Root Regions 0.697ms
[2026-02-18T18:34:19.762-0300][12.074s] GC(14) Concurrent Mark
[2026-02-18T18:34:19.762-0300][12.074s] GC(14) Concurrent Mark From Roots
[2026-02-18T18:34:19.762-0300][12.074s] GC(14) Using 2 workers of 2 for marking
[2026-02-18T18:34:19.867-0300][12.178s] GC(14) Concurrent Mark From Roots 104.727ms
[2026-02-18T18:34:19.867-0300][12.178s] GC(14) Concurrent Preclean
[2026-02-18T18:34:19.867-0300][12.179s] GC(14) Concurrent Preclean 0.131ms
[2026-02-18T18:34:19.867-0300][12.179s] GC(14) Pause Remark
[2026-02-18T18:34:19.871-0300][12.182s] GC(14) Pause Remark 688M->688M(6144M) 3.584ms
[2026-02-18T18:34:19.871-0300][12.182s] GC(14) User=0.03s Sys=0.00s Real=0.01s
[2026-02-18T18:34:19.871-0300][12.182s] GC(14) Concurrent Mark 108.599ms
[2026-02-18T18:34:19.871-0300][12.182s] GC(14) Concurrent Rebuild Remembered Sets and Scrub Regions
[2026-02-18T18:34:19.971-0300][12.283s] GC(14) Concurrent Rebuild Remembered Sets and Scrub Regions 100.210ms
[2026-02-18T18:34:19.971-0300][12.283s] GC(14) Pause Cleanup
[2026-02-18T18:34:19.971-0300][12.283s] GC(14) Pause Cleanup 776M->776M(6144M) 0.089ms
[2026-02-18T18:34:19.971-0300][12.283s] GC(14) User=0.00s Sys=0.00s Real=0.00s
[2026-02-18T18:34:19.971-0300][12.283s] GC(14) Concurrent Clear Claimed Marks
[2026-02-18T18:34:19.972-0300][12.283s] GC(14) Concurrent Clear Claimed Marks 0.061ms
[2026-02-18T18:34:19.972-0300][12.283s] GC(14) Concurrent Cleanup for Next Mark
[2026-02-18T18:34:19.974-0300][12.285s] GC(14) Concurrent Cleanup for Next Mark 2.004ms
[2026-02-18T18:34:19.974-0300][12.285s] GC(14) Concurrent Mark Cycle 211.826ms
[2026-02-18T18:34:21.424-0300][13.735s] GC(15) Pause Young (Prepare Mixed) (G1 Evacuation Pause)
[2026-02-18T18:34:21.424-0300][13.735s] GC(15) Using 9 workers of 9 for evacuation
[2026-02-18T18:34:21.435-0300][13.746s] GC(15)   Pre Evacuate Collection Set: 0.10ms
[2026-02-18T18:34:21.435-0300][13.746s] GC(15)   Merge Heap Roots: 0.09ms
[2026-02-18T18:34:21.435-0300][13.746s] GC(15)   Evacuate Collection Set: 10.13ms
[2026-02-18T18:34:21.435-0300][13.746s] GC(15)   Post Evacuate Collection Set: 1.05ms
[2026-02-18T18:34:21.435-0300][13.746s] GC(15)   Other: 0.03ms
[2026-02-18T18:34:21.435-0300][13.746s] GC(15) Eden regions: 114->0(149)
[2026-02-18T18:34:21.435-0300][13.746s] GC(15) Survivor regions: 1->4(4)
[2026-02-18T18:34:21.435-0300][13.746s] GC(15) Old regions: 34->35
[2026-02-18T18:34:21.435-0300][13.746s] GC(15) Humongous regions: 0->0
[2026-02-18T18:34:21.435-0300][13.746s] GC(15) Metaspace: 131855K(132608K)->131855K(132608K) NonClass: 111203K(111616K)->111203K(111616K) Class: 20651K(20992K)->20651K(20992K)
[2026-02-18T18:34:21.435-0300][13.746s] GC(15) Pause Young (Prepare Mixed) (G1 Evacuation Pause) 2368M->619M(6144M) 11.531ms
[2026-02-18T18:34:21.435-0300][13.746s] GC(15) User=0.08s Sys=0.01s Real=0.01s
[2026-02-18T18:34:23.886-0300][16.198s] GC(16) Pause Young (Mixed) (G1 Evacuation Pause)
[2026-02-18T18:34:23.887-0300][16.198s] GC(16) Using 9 workers of 9 for evacuation
[2026-02-18T18:34:23.954-0300][16.265s] GC(16)   Pre Evacuate Collection Set: 0.11ms
[2026-02-18T18:34:23.954-0300][16.265s] GC(16)   Merge Heap Roots: 0.71ms
[2026-02-18T18:34:23.954-0300][16.265s] GC(16)   Evacuate Collection Set: 64.48ms
[2026-02-18T18:34:23.954-0300][16.265s] GC(16)   Post Evacuate Collection Set: 1.94ms
[2026-02-18T18:34:23.954-0300][16.265s] GC(16)   Other: 0.06ms
[2026-02-18T18:34:23.954-0300][16.265s] GC(16) Eden regions: 149->0(110)
[2026-02-18T18:34:23.954-0300][16.265s] GC(16) Survivor regions: 4->5(5)
[2026-02-18T18:34:23.954-0300][16.265s] GC(16) Old regions: 35->36
[2026-02-18T18:34:23.954-0300][16.265s] GC(16) Humongous regions: 0->0
[2026-02-18T18:34:23.954-0300][16.265s] GC(16) Metaspace: 159183K(160000K)->159183K(160000K) NonClass: 134305K(134720K)->134305K(134720K) Class: 24877K(25280K)->24877K(25280K)
[2026-02-18T18:34:23.954-0300][16.265s] GC(16) Pause Young (Mixed) (G1 Evacuation Pause) 3003M->646M(6144M) 67.534ms
[2026-02-18T18:34:23.954-0300][16.265s] GC(16) User=0.34s Sys=0.11s Real=0.07s
[2026-02-18T18:34:25.932-0300][18.243s] GC(17) Pause Young (Concurrent Start) (Metadata GC Threshold)
[2026-02-18T18:34:25.932-0300][18.243s] GC(17) Using 9 workers of 9 for evacuation
[2026-02-18T18:34:25.963-0300][18.274s] GC(17)   Pre Evacuate Collection Set: 0.09ms
[2026-02-18T18:34:25.963-0300][18.274s] GC(17)   Merge Heap Roots: 0.25ms
[2026-02-18T18:34:25.963-0300][18.274s] GC(17)   Evacuate Collection Set: 28.84ms
[2026-02-18T18:34:25.963-0300][18.274s] GC(17)   Post Evacuate Collection Set: 2.02ms
[2026-02-18T18:34:25.963-0300][18.274s] GC(17)   Other: 0.05ms
[2026-02-18T18:34:25.963-0300][18.274s] GC(17) Eden regions: 56->0(113)
[2026-02-18T18:34:25.963-0300][18.274s] GC(17) Survivor regions: 5->2(4)
[2026-02-18T18:34:25.963-0300][18.274s] GC(17) Old regions: 36->42
[2026-02-18T18:34:25.963-0300][18.274s] GC(17) Humongous regions: 0->0
[2026-02-18T18:34:25.963-0300][18.274s] GC(17) Metaspace: 178608K(179456K)->178608K(179456K) NonClass: 150859K(151296K)->150859K(151296K) Class: 27749K(28160K)->27749K(28160K)
[2026-02-18T18:34:25.963-0300][18.274s] GC(17) Pause Young (Concurrent Start) (Metadata GC Threshold) 1534M->689M(6144M) 31.406ms
[2026-02-18T18:34:25.963-0300][18.274s] GC(18) Concurrent Mark Cycle
[2026-02-18T18:34:25.963-0300][18.274s] GC(17) User=0.17s Sys=0.01s Real=0.03s
[2026-02-18T18:34:25.963-0300][18.274s] GC(18) Concurrent Scan Root Regions
[2026-02-18T18:34:25.983-0300][18.295s] GC(18) Concurrent Scan Root Regions 20.461ms
[2026-02-18T18:34:25.983-0300][18.295s] GC(18) Concurrent Mark
[2026-02-18T18:34:25.983-0300][18.295s] GC(18) Concurrent Mark From Roots
[2026-02-18T18:34:25.983-0300][18.295s] GC(18) Using 2 workers of 2 for marking
[2026-02-18T18:34:26.118-0300][18.430s] GC(18) Concurrent Mark From Roots 134.981ms
[2026-02-18T18:34:26.118-0300][18.430s] GC(18) Concurrent Preclean
[2026-02-18T18:34:26.119-0300][18.430s] GC(18) Concurrent Preclean 0.146ms
[2026-02-18T18:34:26.119-0300][18.430s] GC(18) Pause Remark
[2026-02-18T18:34:26.124-0300][18.435s] GC(18) Pause Remark 817M->817M(6144M) 4.863ms
[2026-02-18T18:34:26.124-0300][18.435s] GC(18) User=0.03s Sys=0.00s Real=0.01s
[2026-02-18T18:34:26.124-0300][18.435s] GC(18) Concurrent Mark 140.134ms
[2026-02-18T18:34:26.124-0300][18.435s] GC(18) Concurrent Rebuild Remembered Sets and Scrub Regions
[2026-02-18T18:34:26.251-0300][18.562s] GC(18) Concurrent Rebuild Remembered Sets and Scrub Regions 126.947ms
[2026-02-18T18:34:26.251-0300][18.562s] GC(18) Pause Cleanup
[2026-02-18T18:34:26.251-0300][18.562s] GC(18) Pause Cleanup 905M->905M(6144M) 0.109ms
[2026-02-18T18:34:26.251-0300][18.562s] GC(18) User=0.00s Sys=0.00s Real=0.00s
[2026-02-18T18:34:26.251-0300][18.562s] GC(18) Concurrent Clear Claimed Marks
[2026-02-18T18:34:26.251-0300][18.562s] GC(18) Concurrent Clear Claimed Marks 0.074ms
[2026-02-18T18:34:26.251-0300][18.562s] GC(18) Concurrent Cleanup for Next Mark
[2026-02-18T18:34:26.253-0300][18.564s] GC(18) Concurrent Cleanup for Next Mark 2.114ms
[2026-02-18T18:34:26.253-0300][18.564s] GC(18) Concurrent Mark Cycle 290.108ms
[2026-02-18T18:34:28.269-0300][20.581s] GC(19) Pause Young (Prepare Mixed) (G1 Evacuation Pause)
[2026-02-18T18:34:28.269-0300][20.581s] GC(19) Using 9 workers of 9 for evacuation
[2026-02-18T18:34:28.283-0300][20.594s] GC(19)   Pre Evacuate Collection Set: 0.07ms
[2026-02-18T18:34:28.283-0300][20.594s] GC(19)   Merge Heap Roots: 0.21ms
[2026-02-18T18:34:28.283-0300][20.594s] GC(19)   Evacuate Collection Set: 12.13ms
[2026-02-18T18:34:28.283-0300][20.595s] GC(19)   Post Evacuate Collection Set: 1.11ms
[2026-02-18T18:34:28.283-0300][20.595s] GC(19)   Other: 0.04ms
[2026-02-18T18:34:28.283-0300][20.595s] GC(19) Eden regions: 113->0(150)
[2026-02-18T18:34:28.283-0300][20.595s] GC(19) Survivor regions: 2->3(4)
[2026-02-18T18:34:28.283-0300][20.595s] GC(19) Old regions: 42->43
[2026-02-18T18:34:28.283-0300][20.595s] GC(19) Humongous regions: 0->0
[2026-02-18T18:34:28.283-0300][20.595s] GC(19) Metaspace: 202545K(203456K)->202545K(203456K) NonClass: 170686K(171200K)->170686K(171200K) Class: 31859K(32256K)->31859K(32256K)
[2026-02-18T18:34:28.283-0300][20.595s] GC(19) Pause Young (Prepare Mixed) (G1 Evacuation Pause) 2497M->734M(6144M) 13.979ms
[2026-02-18T18:34:28.283-0300][20.595s] GC(19) User=0.10s Sys=0.01s Real=0.02s
[2026-02-18T18:34:30.670-0300][22.981s] GC(20) Pause Young (Mixed) (G1 Evacuation Pause)
[2026-02-18T18:34:30.670-0300][22.981s] GC(20) Using 9 workers of 9 for evacuation
[2026-02-18T18:34:30.713-0300][23.024s] GC(20)   Pre Evacuate Collection Set: 0.10ms
[2026-02-18T18:34:30.713-0300][23.024s] GC(20)   Merge Heap Roots: 0.71ms
[2026-02-18T18:34:30.713-0300][23.024s] GC(20)   Evacuate Collection Set: 40.64ms
[2026-02-18T18:34:30.713-0300][23.024s] GC(20)   Post Evacuate Collection Set: 1.65ms
[2026-02-18T18:34:30.713-0300][23.024s] GC(20)   Other: 0.03ms
[2026-02-18T18:34:30.713-0300][23.024s] GC(20) Eden regions: 150->0(110)
[2026-02-18T18:34:30.713-0300][23.024s] GC(20) Survivor regions: 3->5(5)
[2026-02-18T18:34:30.713-0300][23.024s] GC(20) Old regions: 43->44
[2026-02-18T18:34:30.713-0300][23.024s] GC(20) Humongous regions: 0->0
[2026-02-18T18:34:30.713-0300][23.024s] GC(20) Metaspace: 233812K(234816K)->233812K(234816K) NonClass: 195963K(196480K)->195963K(196480K) Class: 37849K(38336K)->37849K(38336K)
[2026-02-18T18:34:30.713-0300][23.024s] GC(20) Pause Young (Mixed) (G1 Evacuation Pause) 3134M->778M(6144M) 43.299ms
[2026-02-18T18:34:30.713-0300][23.024s] GC(20) User=0.25s Sys=0.04s Real=0.04s
[2026-02-18T18:34:32.568-0300][24.880s] GC(21) Pause Young (Normal) (G1 Evacuation Pause)
[2026-02-18T18:34:32.569-0300][24.880s] GC(21) Using 9 workers of 9 for evacuation
[2026-02-18T18:34:32.591-0300][24.902s] GC(21)   Pre Evacuate Collection Set: 0.11ms
[2026-02-18T18:34:32.591-0300][24.902s] GC(21)   Merge Heap Roots: 0.14ms
[2026-02-18T18:34:32.591-0300][24.902s] GC(21)   Evacuate Collection Set: 20.33ms
[2026-02-18T18:34:32.591-0300][24.902s] GC(21)   Post Evacuate Collection Set: 1.54ms
[2026-02-18T18:34:32.591-0300][24.902s] GC(21)   Other: 0.04ms
[2026-02-18T18:34:32.591-0300][24.902s] GC(21) Eden regions: 110->0(111)
[2026-02-18T18:34:32.591-0300][24.902s] GC(21) Survivor regions: 5->4(4)
[2026-02-18T18:34:32.591-0300][24.902s] GC(21) Old regions: 44->49
[2026-02-18T18:34:32.591-0300][24.902s] GC(21) Humongous regions: 0->0
[2026-02-18T18:34:32.591-0300][24.902s] GC(21) Metaspace: 239841K(240832K)->239841K(240832K) NonClass: 201229K(201728K)->201229K(201728K) Class: 38611K(39104K)->38611K(39104K)
[2026-02-18T18:34:32.591-0300][24.902s] GC(21) Pause Young (Normal) (G1 Evacuation Pause) 2538M->846M(6144M) 22.328ms
[2026-02-18T18:34:32.591-0300][24.902s] GC(21) User=0.19s Sys=0.01s Real=0.03s
[2026-02-18T18:34:33.150-0300][25.461s] GC(22) Pause Young (Normal) (G1 Evacuation Pause)
[2026-02-18T18:34:33.150-0300][25.461s] GC(22) Using 9 workers of 9 for evacuation
[2026-02-18T18:34:33.168-0300][25.479s] GC(22)   Pre Evacuate Collection Set: 0.09ms
[2026-02-18T18:34:33.168-0300][25.479s] GC(22)   Merge Heap Roots: 0.11ms
[2026-02-18T18:34:33.168-0300][25.479s] GC(22)   Evacuate Collection Set: 17.09ms
[2026-02-18T18:34:33.168-0300][25.479s] GC(22)   Post Evacuate Collection Set: 1.18ms
[2026-02-18T18:34:33.168-0300][25.479s] GC(22)   Other: 0.03ms
[2026-02-18T18:34:33.168-0300][25.479s] GC(22) Eden regions: 111->0(119)
[2026-02-18T18:34:33.168-0300][25.479s] GC(22) Survivor regions: 4->1(4)
[2026-02-18T18:34:33.168-0300][25.479s] GC(22) Old regions: 49->54
[2026-02-18T18:34:33.168-0300][25.479s] GC(22) Humongous regions: 0->0
[2026-02-18T18:34:33.168-0300][25.479s] GC(22) Metaspace: 239841K(240832K)->239841K(240832K) NonClass: 201229K(201728K)->201229K(201728K) Class: 38611K(39104K)->38611K(39104K)
[2026-02-18T18:34:33.168-0300][25.479s] GC(22) Pause Young (Normal) (G1 Evacuation Pause) 2622M->858M(6144M) 18.646ms
[2026-02-18T18:34:33.168-0300][25.479s] GC(22) User=0.09s Sys=0.03s Real=0.01s
[2026-02-18T18:34:33.932-0300][26.243s] GC(23) Pause Young (Normal) (G1 Evacuation Pause)
[2026-02-18T18:34:33.932-0300][26.243s] GC(23) Using 9 workers of 9 for evacuation
[2026-02-18T18:34:33.934-0300][26.245s] GC(23)   Pre Evacuate Collection Set: 0.07ms
[2026-02-18T18:34:33.934-0300][26.245s] GC(23)   Merge Heap Roots: 0.04ms
[2026-02-18T18:34:33.934-0300][26.245s] GC(23)   Evacuate Collection Set: 0.46ms
[2026-02-18T18:34:33.934-0300][26.245s] GC(23)   Post Evacuate Collection Set: 0.85ms
[2026-02-18T18:34:33.934-0300][26.245s] GC(23)   Other: 0.04ms
[2026-02-18T18:34:33.934-0300][26.245s] GC(23) Eden regions: 152->0(152)
[2026-02-18T18:34:33.934-0300][26.245s] GC(23) Survivor regions: 1->1(5)
[2026-02-18T18:34:33.934-0300][26.245s] GC(23) Old regions: 54->54
[2026-02-18T18:34:33.934-0300][26.245s] GC(23) Humongous regions: 0->0
[2026-02-18T18:34:33.934-0300][26.245s] GC(23) Metaspace: 239841K(240832K)->239841K(240832K) NonClass: 201229K(201728K)->201229K(201728K) Class: 38611K(39104K)->38611K(39104K)
[2026-02-18T18:34:33.934-0300][26.245s] GC(23) Pause Young (Normal) (G1 Evacuation Pause) 3290M->857M(6144M) 1.586ms
[2026-02-18T18:34:33.934-0300][26.245s] GC(23) User=0.01s Sys=0.00s Real=0.00s
[2026-02-18T18:34:34.729-0300][27.041s] GC(24) Pause Young (Normal) (G1 Evacuation Pause)
[2026-02-18T18:34:34.729-0300][27.041s] GC(24) Using 9 workers of 9 for evacuation
[2026-02-18T18:34:34.731-0300][27.043s] GC(24)   Pre Evacuate Collection Set: 0.09ms
[2026-02-18T18:34:34.731-0300][27.043s] GC(24)   Merge Heap Roots: 0.07ms
[2026-02-18T18:34:34.731-0300][27.043s] GC(24)   Evacuate Collection Set: 0.85ms
[2026-02-18T18:34:34.731-0300][27.043s] GC(24)   Post Evacuate Collection Set: 0.90ms
[2026-02-18T18:34:34.731-0300][27.043s] GC(24)   Other: 0.03ms
[2026-02-18T18:34:34.731-0300][27.043s] GC(24) Eden regions: 152->0(152)
[2026-02-18T18:34:34.731-0300][27.043s] GC(24) Survivor regions: 1->1(5)
[2026-02-18T18:34:34.731-0300][27.043s] GC(24) Old regions: 54->54
[2026-02-18T18:34:34.731-0300][27.043s] GC(24) Humongous regions: 0->0
[2026-02-18T18:34:34.731-0300][27.043s] GC(24) Metaspace: 240013K(241024K)->240013K(241024K) NonClass: 201386K(201920K)->201386K(201920K) Class: 38627K(39104K)->38627K(39104K)
[2026-02-18T18:34:34.731-0300][27.043s] GC(24) Pause Young (Normal) (G1 Evacuation Pause) 3289M->860M(6144M) 2.040ms
[2026-02-18T18:34:34.731-0300][27.043s] GC(24) User=0.02s Sys=0.01s Real=0.01s
[2026-02-18T18:34:36.241-0300][28.552s] GC(25) Pause Young (Normal) (G1 Evacuation Pause)
[2026-02-18T18:34:36.241-0300][28.552s] GC(25) Using 9 workers of 9 for evacuation
[2026-02-18T18:34:36.244-0300][28.555s] GC(25)   Pre Evacuate Collection Set: 0.10ms
[2026-02-18T18:34:36.244-0300][28.555s] GC(25)   Merge Heap Roots: 0.06ms
[2026-02-18T18:34:36.244-0300][28.555s] GC(25)   Evacuate Collection Set: 1.62ms
[2026-02-18T18:34:36.244-0300][28.555s] GC(25)   Post Evacuate Collection Set: 0.96ms
[2026-02-18T18:34:36.244-0300][28.555s] GC(25)   Other: 0.03ms
[2026-02-18T18:34:36.244-0300][28.555s] GC(25) Eden regions: 152->0(152)
[2026-02-18T18:34:36.244-0300][28.555s] GC(25) Survivor regions: 1->1(5)
[2026-02-18T18:34:36.244-0300][28.555s] GC(25) Old regions: 54->54
[2026-02-18T18:34:36.244-0300][28.555s] GC(25) Humongous regions: 0->0
[2026-02-18T18:34:36.244-0300][28.555s] GC(25) Metaspace: 240974K(241920K)->240974K(241920K) NonClass: 202247K(202752K)->202247K(202752K) Class: 38727K(39168K)->38727K(39168K)
[2026-02-18T18:34:36.244-0300][28.555s] GC(25) Pause Young (Normal) (G1 Evacuation Pause) 3292M->865M(6144M) 2.924ms
[2026-02-18T18:34:36.244-0300][28.555s] GC(25) User=0.02s Sys=0.00s Real=0.00s
[2026-02-18T18:34:39.279-0300][31.590s] GC(26) Pause Young (Normal) (G1 Evacuation Pause)
[2026-02-18T18:34:39.279-0300][31.590s] GC(26) Using 9 workers of 9 for evacuation
[2026-02-18T18:34:39.325-0300][31.636s] GC(26)   Pre Evacuate Collection Set: 0.09ms
[2026-02-18T18:34:39.325-0300][31.636s] GC(26)   Merge Heap Roots: 0.17ms
[2026-02-18T18:34:39.325-0300][31.636s] GC(26)   Evacuate Collection Set: 44.10ms
[2026-02-18T18:34:39.325-0300][31.636s] GC(26)   Post Evacuate Collection Set: 1.31ms
[2026-02-18T18:34:39.325-0300][31.636s] GC(26)   Other: 0.06ms
[2026-02-18T18:34:39.325-0300][31.636s] GC(26) Eden regions: 152->0(148)
[2026-02-18T18:34:39.325-0300][31.636s] GC(26) Survivor regions: 1->5(5)
[2026-02-18T18:34:39.325-0300][31.636s] GC(26) Old regions: 54->60
[2026-02-18T18:34:39.325-0300][31.636s] GC(26) Humongous regions: 0->0
[2026-02-18T18:34:39.325-0300][31.636s] GC(26) Metaspace: 248520K(249472K)->248520K(249472K) NonClass: 208967K(209472K)->208967K(209472K) Class: 39552K(40000K)->39552K(40000K)
[2026-02-18T18:34:39.325-0300][31.636s] GC(26) Pause Young (Normal) (G1 Evacuation Pause) 3297M->1034M(6144M) 45.866ms
[2026-02-18T18:34:39.325-0300][31.636s] GC(26) User=0.25s Sys=0.05s Real=0.05s
[2026-02-18T18:34:39.842-0300][32.153s] GC(27) Pause Young (Normal) (G1 Evacuation Pause)
[2026-02-18T18:34:39.842-0300][32.153s] GC(27) Using 9 workers of 9 for evacuation
[2026-02-18T18:34:39.869-0300][32.180s] GC(27)   Pre Evacuate Collection Set: 0.10ms
[2026-02-18T18:34:39.869-0300][32.180s] GC(27)   Merge Heap Roots: 0.17ms
[2026-02-18T18:34:39.869-0300][32.180s] GC(27)   Evacuate Collection Set: 25.14ms
[2026-02-18T18:34:39.869-0300][32.180s] GC(27)   Post Evacuate Collection Set: 1.00ms
[2026-02-18T18:34:39.869-0300][32.180s] GC(27)   Other: 0.03ms
[2026-02-18T18:34:39.869-0300][32.180s] GC(27) Eden regions: 148->0(152)
[2026-02-18T18:34:39.869-0300][32.180s] GC(27) Survivor regions: 5->1(5)
[2026-02-18T18:34:39.869-0300][32.180s] GC(27) Old regions: 60->66
[2026-02-18T18:34:39.869-0300][32.180s] GC(27) Humongous regions: 0->0
[2026-02-18T18:34:39.869-0300][32.180s] GC(27) Metaspace: 248521K(249472K)->248521K(249472K) NonClass: 208968K(209472K)->208968K(209472K) Class: 39552K(40000K)->39552K(40000K)
[2026-02-18T18:34:39.869-0300][32.180s] GC(27) Pause Young (Normal) (G1 Evacuation Pause) 3402M->1049M(6144M) 26.571ms
[2026-02-18T18:34:39.869-0300][32.180s] GC(27) User=0.11s Sys=0.04s Real=0.02s
[2026-02-18T18:34:40.478-0300][32.789s] GC(28) Pause Young (Concurrent Start) (CodeCache GC Threshold)
[2026-02-18T18:34:40.478-0300][32.789s] GC(28) Using 9 workers of 9 for evacuation
[2026-02-18T18:34:40.481-0300][32.792s] GC(28)   Pre Evacuate Collection Set: 0.12ms
[2026-02-18T18:34:40.481-0300][32.792s] GC(28)   Merge Heap Roots: 0.07ms
[2026-02-18T18:34:40.481-0300][32.792s] GC(28)   Evacuate Collection Set: 2.34ms
[2026-02-18T18:34:40.481-0300][32.792s] GC(28)   Post Evacuate Collection Set: 0.87ms
[2026-02-18T18:34:40.481-0300][32.792s] GC(28)   Other: 0.03ms
[2026-02-18T18:34:40.481-0300][32.792s] GC(28) Eden regions: 115->0(152)
[2026-02-18T18:34:40.481-0300][32.792s] GC(28) Survivor regions: 1->1(5)
[2026-02-18T18:34:40.481-0300][32.792s] GC(28) Old regions: 66->66
[2026-02-18T18:34:40.481-0300][32.792s] GC(28) Humongous regions: 0->0
[2026-02-18T18:34:40.481-0300][32.792s] GC(28) Metaspace: 250432K(251392K)->250432K(251392K) NonClass: 210635K(211136K)->210635K(211136K) Class: 39797K(40256K)->39797K(40256K)
[2026-02-18T18:34:40.481-0300][32.792s] GC(28) Pause Young (Concurrent Start) (CodeCache GC Threshold) 2881M->1055M(6144M) 3.556ms
[2026-02-18T18:34:40.481-0300][32.792s] GC(29) Concurrent Mark Cycle
[2026-02-18T18:34:40.481-0300][32.792s] GC(28) User=0.02s Sys=0.00s Real=0.01s
[2026-02-18T18:34:40.481-0300][32.792s] GC(29) Concurrent Scan Root Regions
[2026-02-18T18:34:40.486-0300][32.797s] GC(29) Concurrent Scan Root Regions 4.640ms
[2026-02-18T18:34:40.486-0300][32.797s] GC(29) Concurrent Mark
[2026-02-18T18:34:40.486-0300][32.797s] GC(29) Concurrent Mark From Roots
[2026-02-18T18:34:40.486-0300][32.797s] GC(29) Using 2 workers of 2 for marking
[2026-02-18T18:34:40.718-0300][33.029s] GC(29) Concurrent Mark From Roots 231.652ms
[2026-02-18T18:34:40.718-0300][33.029s] GC(29) Concurrent Preclean
[2026-02-18T18:34:40.718-0300][33.029s] GC(29) Concurrent Preclean 0.328ms
[2026-02-18T18:34:40.718-0300][33.029s] GC(29) Pause Remark
[2026-02-18T18:34:40.725-0300][33.036s] GC(29) Pause Remark 1335M->1335M(6144M) 7.235ms
[2026-02-18T18:34:40.725-0300][33.036s] GC(29) User=0.04s Sys=0.00s Real=0.01s
[2026-02-18T18:34:40.725-0300][33.036s] GC(29) Concurrent Mark 239.402ms
[2026-02-18T18:34:40.725-0300][33.036s] GC(29) Concurrent Rebuild Remembered Sets and Scrub Regions
[2026-02-18T18:34:40.914-0300][33.225s] GC(29) Concurrent Rebuild Remembered Sets and Scrub Regions 188.465ms
[2026-02-18T18:34:40.914-0300][33.225s] GC(29) Pause Cleanup
[2026-02-18T18:34:40.914-0300][33.225s] GC(29) Pause Cleanup 1495M->1495M(6144M) 0.063ms
[2026-02-18T18:34:40.914-0300][33.225s] GC(29) User=0.00s Sys=0.00s Real=0.00s
[2026-02-18T18:34:40.914-0300][33.225s] GC(29) Concurrent Clear Claimed Marks
[2026-02-18T18:34:40.914-0300][33.225s] GC(29) Concurrent Clear Claimed Marks 0.097ms
[2026-02-18T18:34:40.914-0300][33.225s] GC(29) Concurrent Cleanup for Next Mark
[2026-02-18T18:34:40.916-0300][33.227s] GC(29) Concurrent Cleanup for Next Mark 1.997ms
[2026-02-18T18:34:40.916-0300][33.227s] GC(29) Concurrent Mark Cycle 434.886ms
[2026-02-18T18:34:42.260-0300][34.572s] GC(30) Pause Young (Prepare Mixed) (G1 Evacuation Pause)
[2026-02-18T18:34:42.261-0300][34.572s] GC(30) Using 9 workers of 9 for evacuation
[2026-02-18T18:34:42.285-0300][34.597s] GC(30)   Pre Evacuate Collection Set: 0.11ms
[2026-02-18T18:34:42.285-0300][34.597s] GC(30)   Merge Heap Roots: 0.27ms
[2026-02-18T18:34:42.285-0300][34.597s] GC(30)   Evacuate Collection Set: 23.13ms
[2026-02-18T18:34:42.285-0300][34.597s] GC(30)   Post Evacuate Collection Set: 1.03ms
[2026-02-18T18:34:42.285-0300][34.597s] GC(30)   Other: 0.04ms
[2026-02-18T18:34:42.285-0300][34.597s] GC(30) Eden regions: 152->0(148)
[2026-02-18T18:34:42.285-0300][34.597s] GC(30) Survivor regions: 1->5(5)
[2026-02-18T18:34:42.285-0300][34.597s] GC(30) Old regions: 66->68
[2026-02-18T18:34:42.285-0300][34.597s] GC(30) Humongous regions: 0->0
[2026-02-18T18:34:42.285-0300][34.597s] GC(30) Metaspace: 251917K(252864K)->251917K(252864K) NonClass: 212038K(212544K)->212038K(212544K) Class: 39878K(40320K)->39878K(40320K)
[2026-02-18T18:34:42.285-0300][34.597s] GC(30) Pause Young (Prepare Mixed) (G1 Evacuation Pause) 3487M->1163M(6144M) 25.084ms
[2026-02-18T18:34:42.285-0300][34.597s] GC(30) User=0.20s Sys=0.01s Real=0.02s
[2026-02-18T18:34:43.462-0300][35.773s] GC(31) Pause Young (Mixed) (G1 Evacuation Pause)
[2026-02-18T18:34:43.462-0300][35.773s] GC(31) Using 9 workers of 9 for evacuation
[2026-02-18T18:34:43.493-0300][35.804s] GC(31)   Pre Evacuate Collection Set: 0.09ms
[2026-02-18T18:34:43.493-0300][35.804s] GC(31)   Merge Heap Roots: 0.51ms
[2026-02-18T18:34:43.493-0300][35.804s] GC(31)   Evacuate Collection Set: 28.33ms
[2026-02-18T18:34:43.493-0300][35.804s] GC(31)   Post Evacuate Collection Set: 1.90ms
[2026-02-18T18:34:43.493-0300][35.804s] GC(31)   Other: 0.04ms
[2026-02-18T18:34:43.493-0300][35.804s] GC(31) Eden regions: 148->0(152)
[2026-02-18T18:34:43.493-0300][35.804s] GC(31) Survivor regions: 5->1(5)
[2026-02-18T18:34:43.493-0300][35.804s] GC(31) Old regions: 68->67
[2026-02-18T18:34:43.493-0300][35.804s] GC(31) Humongous regions: 0->0
[2026-02-18T18:34:43.493-0300][35.804s] GC(31) Metaspace: 252017K(253056K)->252017K(253056K) NonClass: 212118K(212672K)->212118K(212672K) Class: 39898K(40384K)->39898K(40384K)
[2026-02-18T18:34:43.493-0300][35.804s] GC(31) Pause Young (Mixed) (G1 Evacuation Pause) 3531M->1080M(6144M) 30.999ms
[2026-02-18T18:34:43.493-0300][35.804s] GC(31) User=0.21s Sys=0.04s Real=0.03s
[2026-02-18T18:34:43.900-0300][36.211s] GC(32) Pause Young (Normal) (G1 Evacuation Pause)
[2026-02-18T18:34:43.900-0300][36.211s] GC(32) Using 9 workers of 9 for evacuation
[2026-02-18T18:34:43.901-0300][36.213s] GC(32)   Pre Evacuate Collection Set: 0.06ms
[2026-02-18T18:34:43.901-0300][36.213s] GC(32)   Merge Heap Roots: 0.06ms
[2026-02-18T18:34:43.901-0300][36.213s] GC(32)   Evacuate Collection Set: 0.77ms
[2026-02-18T18:34:43.901-0300][36.213s] GC(32)   Post Evacuate Collection Set: 0.78ms
[2026-02-18T18:34:43.901-0300][36.213s] GC(32)   Other: 0.04ms
[2026-02-18T18:34:43.902-0300][36.213s] GC(32) Eden regions: 152->0(152)
[2026-02-18T18:34:43.902-0300][36.213s] GC(32) Survivor regions: 1->1(5)
[2026-02-18T18:34:43.902-0300][36.213s] GC(32) Old regions: 67->68
[2026-02-18T18:34:43.902-0300][36.213s] GC(32) Humongous regions: 0->0
[2026-02-18T18:34:43.902-0300][36.213s] GC(32) Metaspace: 252021K(253056K)->252021K(253056K) NonClass: 212122K(212672K)->212122K(212672K) Class: 39898K(40384K)->39898K(40384K)
[2026-02-18T18:34:43.902-0300][36.213s] GC(32) Pause Young (Normal) (G1 Evacuation Pause) 3512M->1090M(6144M) 1.851ms
[2026-02-18T18:34:43.902-0300][36.213s] GC(32) User=0.02s Sys=0.00s Real=0.00s
[2026-02-18T18:34:44.614-0300][36.926s] GC(33) Pause Young (Normal) (G1 Evacuation Pause)
[2026-02-18T18:34:44.615-0300][36.926s] GC(33) Using 9 workers of 9 for evacuation
[2026-02-18T18:34:44.618-0300][36.929s] GC(33)   Pre Evacuate Collection Set: 0.09ms
[2026-02-18T18:34:44.618-0300][36.929s] GC(33)   Merge Heap Roots: 0.10ms
[2026-02-18T18:34:44.618-0300][36.929s] GC(33)   Evacuate Collection Set: 2.19ms
[2026-02-18T18:34:44.618-0300][36.929s] GC(33)   Post Evacuate Collection Set: 0.84ms
[2026-02-18T18:34:44.618-0300][36.929s] GC(33)   Other: 0.03ms
[2026-02-18T18:34:44.618-0300][36.929s] GC(33) Eden regions: 152->0(152)
[2026-02-18T18:34:44.618-0300][36.929s] GC(33) Survivor regions: 1->1(5)
[2026-02-18T18:34:44.618-0300][36.929s] GC(33) Old regions: 68->69
[2026-02-18T18:34:44.618-0300][36.929s] GC(33) Humongous regions: 0->0
[2026-02-18T18:34:44.618-0300][36.929s] GC(33) Metaspace: 254429K(255424K)->254429K(255424K) NonClass: 214316K(214848K)->214316K(214848K) Class: 40112K(40576K)->40112K(40576K)
[2026-02-18T18:34:44.618-0300][36.929s] GC(33) Pause Young (Normal) (G1 Evacuation Pause) 3522M->1095M(6144M) 3.376ms
[2026-02-18T18:34:44.618-0300][36.929s] GC(33) User=0.03s Sys=0.00s Real=0.00s
[2026-02-18T18:34:46.369-0300][38.681s] GC(34) Pause Young (Normal) (G1 Evacuation Pause)
[2026-02-18T18:34:46.369-0300][38.681s] GC(34) Using 9 workers of 9 for evacuation
[2026-02-18T18:34:46.377-0300][38.688s] GC(34)   Pre Evacuate Collection Set: 0.10ms
[2026-02-18T18:34:46.377-0300][38.688s] GC(34)   Merge Heap Roots: 0.11ms
[2026-02-18T18:34:46.377-0300][38.688s] GC(34)   Evacuate Collection Set: 6.64ms
[2026-02-18T18:34:46.377-0300][38.688s] GC(34)   Post Evacuate Collection Set: 0.92ms
[2026-02-18T18:34:46.377-0300][38.688s] GC(34)   Other: 0.04ms
[2026-02-18T18:34:46.377-0300][38.688s] GC(34) Eden regions: 152->0(151)
[2026-02-18T18:34:46.377-0300][38.688s] GC(34) Survivor regions: 1->2(5)
[2026-02-18T18:34:46.377-0300][38.688s] GC(34) Old regions: 69->69
[2026-02-18T18:34:46.377-0300][38.688s] GC(34) Humongous regions: 0->0
[2026-02-18T18:34:46.377-0300][38.688s] GC(34) Metaspace: 256938K(257920K)->256938K(257920K) NonClass: 216669K(217216K)->216669K(217216K) Class: 40268K(40704K)->40268K(40704K)
[2026-02-18T18:34:46.377-0300][38.688s] GC(34) Pause Young (Normal) (G1 Evacuation Pause) 3527M->1125M(6144M) 7.955ms
[2026-02-18T18:34:46.377-0300][38.688s] GC(34) User=0.07s Sys=0.00s Real=0.01s
[2026-02-18T18:34:49.696-0300][42.008s] GC(35) Pause Young (Normal) (G1 Evacuation Pause)
[2026-02-18T18:34:49.697-0300][42.008s] GC(35) Using 9 workers of 9 for evacuation
[2026-02-18T18:34:49.793-0300][42.104s] GC(35)   Pre Evacuate Collection Set: 0.06ms
[2026-02-18T18:34:49.793-0300][42.104s] GC(35)   Merge Heap Roots: 0.42ms
[2026-02-18T18:34:49.793-0300][42.104s] GC(35)   Evacuate Collection Set: 90.87ms
[2026-02-18T18:34:49.793-0300][42.104s] GC(35)   Post Evacuate Collection Set: 4.67ms
[2026-02-18T18:34:49.793-0300][42.104s] GC(35)   Other: 0.04ms
[2026-02-18T18:34:49.793-0300][42.104s] GC(35) Eden regions: 151->0(148)
[2026-02-18T18:34:49.793-0300][42.104s] GC(35) Survivor regions: 2->5(5)
[2026-02-18T18:34:49.793-0300][42.104s] GC(35) Old regions: 69->89
[2026-02-18T18:34:49.793-0300][42.104s] GC(35) Humongous regions: 0->0
[2026-02-18T18:34:49.793-0300][42.104s] GC(35) Metaspace: 261525K(262592K)->261525K(262592K) NonClass: 220753K(221312K)->220753K(221312K) Class: 40771K(41280K)->40771K(41280K)
[2026-02-18T18:34:49.793-0300][42.104s] GC(35) Pause Young (Normal) (G1 Evacuation Pause) 3541M->1504M(6144M) 96.719ms
[2026-02-18T18:34:49.793-0300][42.104s] GC(35) User=0.47s Sys=0.19s Real=0.10s
